kouonmeBookpuro:Desktop enhui$ git clone https://github.com/enhuijiang/learnGit.git
Cloning into 'learnGit'...
remote: Enumerating objects: 7, done.
remote: Counting objects: 100% (7/7), done.
remote: Compressing objects: 100% (7/7), done.
remote: Total 7 (delta 1), reused 0 (delta 0), pack-reused 0
Unpacking objects: 100% (7/7), done.
kouonmeBookpuro:Desktop enhui$ cd /Users/enhui/Desktop/LearnGit
kouonmeBookpuro:LearnGit enhui$ git add .
kouonmeBookpuro:LearnGit enhui$ git commit -m"Brooklyn college, CISC 3140 professir Katherine."
[master aad03d0] Brooklyn college, CISC 3140 professir Katherine.
 1 file changed, 1 insertion(+)
kouonmeBookpuro:LearnGit enhui$ git push
Username for 'https://github.com': enhuijiang
Password for 'https://enhuijiang@github.com': 
Counting objects: 3, done.
Delta compression using up to 4 threads.
Compressing objects: 100% (3/3), done.
Writing objects: 100% (3/3), 352 bytes | 352.00 KiB/s, done.
Total 3 (delta 1), reused 0 (delta 0)
remote: Resolving deltas: 100% (1/1), completed with 1 local object.
To https://github.com/enhuijiang/learnGit.git
   8bb364e..aad03d0  master -> master
kouonmeBookpuro:LearnGit enhui$ git add terminalActivities.txt
kouonmeBookpuro:LearnGit enhui$ git push
Counting objects: 4, done.
Delta compression using up to 4 threads.
Compressing objects: 100% (4/4), done.
Writing objects: 100% (4/4), 1.12 KiB | 1.12 MiB/s, done.
Total 4 (delta 0), reused 0 (delta 0)
To https://github.com/enhuijiang/learnGit.git
   aad03d0..703c088  master -> master
kouonmeBookpuro:LearnGit enhui$ git add terminalActivities.txt
kouonmeBookpuro:LearnGit enhui$ git commit -m "updata terminal activity"
[master 24745e7] updata terminal activity
kouonmeBookpuro:LearnGit enhui$ git push origin master
Counting objects: 6, done.
Delta compression using up to 4 threads.
Compressing objects: 100% (6/6), done.
Writing objects: 100% (6/6), 706 bytes | 706.00 KiB/s, done.
Total 6 (delta 4), reused 0 (delta 0)
remote: Resolving deltas: 100% (4/4), completed with 2 local objects.
To https://github.com/enhuijiang/learnGit.git
   24bff1a..24745e7  master -> master
kouonmeBookpuro:LearnGit enhui$ git checkout -b newBranch
M	.DS_Store
Switched to a new branch 'newBranch'
kouonmeBookpuro:learnGit enhui$  git add terminalActivities.txt
kouonmeBookpuro:learnGit enhui$ git commit -m "updata terminal activity 3"
[newBranch 945fafe] updata terminal activity 3
 1 file changed, 3 insertions(+), 1 deletion(-)
kouonmeBookpuro:learnGit enhui$ git push origin newBranch
Counting objects: 3, done.
Delta compression using up to 4 threads.
Compressing objects: 100% (3/3), done.
Writing objects: 100% (3/3), 345 bytes | 345.00 KiB/s, done.
Total 3 (delta 2), reused 0 (delta 0)
remote: Resolving deltas: 100% (2/2), completed with 2 local objects.
To https://github.com/enhuijiang/learnGit.git
   77c9d3a..945fafe  newBranch -> newBranch
